[e-complaints.herokuapp.com/index.html]
[backblue.gif]
[fade.gif]
[index.html]
[e-complaints.herokuapp.com/libs/normalize.css]
[use.fontawesome.com/releases/v5.8.2/css/all.css]
[cdnjs.cloudflare.com/ajax/libs/twitter-bootstrap/4.5.0/css/bootstrap.min.css]
[cdnjs.cloudflare.com/ajax/libs/mdbootstrap/4.19.1/css/mdb.min.css]
[e-complaints.herokuapp.com/assets/css/users.css]
[e-complaints.herokuapp.com/assets/css/responsive.css]
[e-complaints.herokuapp.com/users/login.html]
[e-complaints.herokuapp.com/feedback/view.html]
[cdnjs.cloudflare.com/ajax/libs/jquery/3.5.1/jquery.min.js]
[cdnjs.cloudflare.com/ajax/libs/popper.js/1.14.4/umd/popper.min.js]
[cdnjs.cloudflare.com/ajax/libs/twitter-bootstrap/4.5.0/js/bootstrap.min.js]
[cdnjs.cloudflare.com/ajax/libs/mdbootstrap/4.19.1/js/mdb.min.js]
[e-complaints.herokuapp.com/assets/js/custom.js]
[e-complaints.herokuapp.com/index.html]
[e-complaints.herokuapp.com/libs/normalize.css]
[use.fontawesome.com/releases/v5.8.2/css/all.css]
[cdnjs.cloudflare.com/ajax/libs/twitter-bootstrap/4.5.0/css/bootstrap.min.css]
[cdnjs.cloudflare.com/ajax/libs/mdbootstrap/4.19.1/img/overlays/01.png]
[cdnjs.cloudflare.com/ajax/libs/mdbootstrap/4.19.1/img/overlays/02.png]
[cdnjs.cloudflare.com/ajax/libs/mdbootstrap/4.19.1/img/overlays/03.png]
[cdnjs.cloudflare.com/ajax/libs/mdbootstrap/4.19.1/img/overlays/04.png]
[cdnjs.cloudflare.com/ajax/libs/mdbootstrap/4.19.1/img/overlays/05.png]
[cdnjs.cloudflare.com/ajax/libs/mdbootstrap/4.19.1/img/overlays/06.png]
[cdnjs.cloudflare.com/ajax/libs/mdbootstrap/4.19.1/img/overlays/07.png]
[cdnjs.cloudflare.com/ajax/libs/mdbootstrap/4.19.1/img/overlays/08.png]
[cdnjs.cloudflare.com/ajax/libs/mdbootstrap/4.19.1/img/overlays/09.png]
[cdnjs.cloudflare.com/ajax/libs/mdbootstrap/4.19.1/css/mdb.min.css]
[flevix.com/wp-content/uploads/2019/12/Bounce-Loading-Image.gif]
[e-complaints.herokuapp.com/assets/css/style.css]
[e-complaints.herokuapp.com/assets/css/users.css]
[e-complaints.herokuapp.com/assets/css/responsive.css]
[e-complaints.herokuapp.com/users/login.html]
[e-complaints.herokuapp.com/feedback/view.html]
